-------------------------------------- CREATE A SERVICE ACCOUNT -----------------------------------------------
gcloud iam service-accounts create custom-sa-k8s --display-name "custom-sa-k8s"

-------------------------------------- Kubernetes Engine Cluster Admin: Management of Kubernetes Clusters. --------------------------------------
$ gcloud projects add-iam-policy-binding devops-k8-86 --member serviceAccount:custom-sa-k8s@devops-k8-86.iam.gserviceaccount.com --role roles/container.clusterAdmin 

gcloud projects add-iam-policy-binding robotic-pact-248304 --member serviceAccount:custom-sa-k8s@robotic-pact-248304.iam.gserviceaccount.com --role roles/container.clusterAdmin 


-------------------------------------- Compute admin: Full control of all Compute Engine resources. --------------------------------------
$ gcloud projects add-iam-policy-binding devops-k8-86 --member serviceAccount:custom-sa-k8s@devops-k8-86.iam.gserviceaccount.com --role roles/compute.admin 

$gcloud projects add-iam-policy-binding robotic-pact-248304 --member serviceAccount:custom-sa-k8s@robotic-pact-248304.iam.gserviceaccount.com --role  roles/compute.admin  

_____________________________________________________________________________________________________________________________________________________
-------------------------------------- Source Repository Administrator: Admin access to repositories --------------------------------------
_____________________________________________________________________________________________________________________________________________________

$ gcloud projects add-iam-policy-binding devops-k8-86 --member serviceAccount:custom-sa-k8s@devops-k8-86.iam.gserviceaccount.com --role roles/source.admin 

gcloud projects add-iam-policy-binding robotic-pact-248304 --member serviceAccount:custom-sa-k8s@robotic-pact-248304.iam.gserviceaccount.com --role roles/source.admin   

_____________________________________________________________________________________________________________________________________________________
-------------------------------------- Storage Admin :	Full control of GCS resources.. --------------------------------------
_____________________________________________________________________________________________________________________________________________________

$ gcloud projects add-iam-policy-binding devops-k8-86 --member serviceAccount:custom-sa-k8s@devops-k8-86.iam.gserviceaccount.com --role roles/storage.admin

gcloud projects add-iam-policy-binding robotic-pact-248304 --member serviceAccount:custom-sa-k8s@robotic-pact-248304.iam.gserviceaccount.com --role roles/storage.admin   		


-------------------------------------- Service Account User :Run operations as the service account. --------------------------------------

$ gcloud projects add-iam-policy-binding devops-k8-86 --member serviceAccount:custom-sa-k8s@devops-k8-86.iam.gserviceaccount.com --role roles/iam.serviceAccountUser

gcloud projects add-iam-policy-binding robotic-pact-248304 --member serviceAccount:custom-sa-k8s@robotic-pact-248304.iam.gserviceaccount.com --role  roles/iam.serviceAccountUser

-------------------------------------- Cloud build editor :Can create and cancel builds. --------------------------------------
$ gcloud projects add-iam-policy-binding devops-k8-86 --member serviceAccount:custom-sa-k8s@devops-k8-86.iam.gserviceaccount.com --role roles/cloudbuild.builds.editor

gcloud projects add-iam-policy-binding robotic-pact-248304 --member serviceAccount:custom-sa-k8s@robotic-pact-248304.iam.gserviceaccount.com --role  roles/cloudbuild.builds.editor


-------------------------------------- Compute network admin : Full control of Compute Engine networking resources. --------------------------------------
$ gcloud projects add-iam-policy-binding devops-k8-86 --member serviceAccount:custom-sa-k8s@devops-k8-86.iam.gserviceaccount.com --role roles/compute.networkAdmin

gcloud projects add-iam-policy-binding robotic-pact-248304 --member serviceAccount:custom-sa-k8s@robotic-pact-248304.iam.gserviceaccount.com --role roles/compute.networkAdmin


-------------------------------------- Storage Object Admin :  Full control of GCS objects... --------------------------------------
$ gcloud projects add-iam-policy-binding devops-k8-86 --member serviceAccount:custom-sa-k8s@devops-k8-86.iam.gserviceaccount.com --role roles/storage.admin
gcloud projects add-iam-policy-binding robotic-pact-248304 --member serviceAccount:custom-sa-k8s@robotic-pact-248304.iam.gserviceaccount.com --role roles/storage.admin

-------------------------------------- Deployment Manager Editor : Read and Write access to all Deployment Manager resources. --------------------------------------
$ gcloud projects add-iam-policy-binding devops-k8-86 --member serviceAccount:custom-sa-k8s@devops-k8-86.iam.gserviceaccount.com --role roles/deploymentmanager.editor


-------------------------------------- CREATE SERVICE ACCOUNT KEY , DOWNLOAD KEY --------------------------------------

-------------------------------------- ACTIVATE SERVICE ACCOUNT --------------------------------------

gcloud auth activate-service-account custom-sa-k8s@devops-k8-86.iam.gserviceaccount.com  --key-file=devops-k8-86-137921350dfa.json

gcloud auth activate-service-account custom-sa-k8s@robotic-pact-248304.iam.gserviceaccount.com  --key-file=robotic-pact.json
_________________________________________________________________________________________________________________________________________________________________________________________________--
--------------- REQUIRED ENABLE cloudresourcemanager.googleapis.com : Creates, reads, and updates metadata for Google Cloud Platform resource containers.-----------
_________________________________________________________________________________________________________________________________________________________________________________________________--

I tried to activate using service account but i got the next message
Enabling service [cloudresourcemanager.googleapis.com] on project [981069393234]...

WARNING: Listing available projects failed: User [custom-sa-k8s@devops-k8-86.iam.gserviceaccount.com] does not have permission to access service [cloudresourcemanager.googleapis.com:enable] (or it may not exist): The caller does not have permission

fix: Activate api using GCP CONSOLE-> api&services -> libraries -> cloudresourcemanager

_________________________________________________________________________________________________________________________________________________________________________________________________
----------------- REQUIRED ENABLE container.googleapis.com
_________________________________________________________________________________________________________________________________________________________________________________________________--before you are going to create a new cluster, you must to enable.

when you enable that API the following members were created:
NUMBER-PROJECT-compute@developer.gserviceaccount.com
NUMBER-PROJECT@cloudservices.gserviceaccount.com
service-NUMBER-PROJECT@compute-system.iam.gserviceaccount.com
service-NUMBER-PROJECT@container-engine-robot.iam.gserviceaccount.com
service-NUMBER-PROJECT@containerregistry.iam.gserviceaccount.com

_________________________________________________________________________________________________________________________________________________________________________________________________
----------------- REQUIRED ENABLE Cloud Build API
If you need create builds in order to create docker images.
_________________________________________________________________________________________________________________________________________________________________________________________________--before you are going to create a new cluster, you must to enable.

It will add 2 new services accounts
service-NUMBER-PROJECT@gcp-sa-cloudbuild.iam.gserviceaccount.com
NUMBER-PROJECT@cloudbuild.gserviceaccount.com

_________________________________________________________________________________________________________________________________________________________________________________________________
--------------------------------------------------- CREATE A PUBLIC CLUSTER
_________________________________________________________________________________________________________________________________________________________________________________________________--before you are going to create a new cluster, you must to enable.


PLease execute the next command, it will create a new cluster

$ gcloud container clusters create hello-cluster --num-nodes=2 --zone=us-west1-b

If you see the clusterÂ´s vms, the service account in each vms is   NUMBER-PROJECT-compute@developer.gserviceaccount.com

please delete the hello-cluster

Create a new cluster again:
please execute the next gcloud command:

 gcloud beta container --project "devops-k8-86"  clusters create esparta-cluster --num-nodes 2 --cluster-version 1.11.7-gke.12  --machine-type n1-standard-2 --enable-ip-alias  --zone "us-west1-b" --enable-network-policy  --image-type ubuntu --service-account "custom-sa-k8s@devops-k8-86.iam.gserviceaccount.com" 

_________________________________________________________________________________________________________________________________________________________________________________________________
--------------------------------------------------- CREATE A PRIVATE CLUSTER
_________________________________________________________________________________________________________________________________________________________________________________________________--before you are going to create a new cluster, you must to enable.

1. Create a subnetwork

gcloud compute networks subnets create custom-subnet --network default --range 10.0.4.0/22 --enable-private-ip-google-access --region us-west1 --secondary-range custom-services-range=10.0.32.0/20,custom-pod-range=10.4.0.0/14

2. Create your private cluster

gcloud beta container clusters create private-cluster-esparta86 --cluster-version 1.13.7-gke.24 --zone "us-west1-b" --enable-private-nodes --enable-ip-alias --machine-type n1-standard-2 --num-nodes 2 --image-type ubuntu --master-ipv4-cidr 172.16.0.32/28 --subnetwork custom-subnet --services-secondary-range-name custom-services-range --cluster-secondary-range-name custom-pod-range --service-account=custom-sa-k8s@robotic-pact-248304.iam.gserviceaccount.com

3. Create a virtual machine 
gcloud compute instances create host-bastion --zone us-west1-b --scopes 'https://www.googleapis.com/auth/cloud-platform'
output:
NAME          ZONE        MACHINE_TYPE   PREEMPTIBLE  INTERNAL_IP  EXTERNAL_IP   STATUS
host-bastion  us-west1-b  n1-standard-1               10.138.0.2   x.x.x.x  RUNNING

4. Authorize your external address range, in this case the PUBLIC IP of host bastion

gcloud container clusters update private-cluster-esparta86 --zone us-west1-b --enable-master-authorized-networks --master-authorized-networks x.x.x.x/32

5. Log using SSH into host bastion

6. gcloud init and select your personal account, please click in url in order to grant permissions.

7. Install kubectl in host bastion using the next command
   sudo apt-get install kubectl
  *MAKE SURE your host bastion have a debian image.

7. Access your cluster
   gcloud container clusters get-credentials private-cluster-esparta86 --zone us-west1-b --project robotic-pact-248304

8. Try to retrieve pods

   kubectl get pods -n kube-system

ouput:
   NAME                                                             READY   STATUS    RESTARTS   AGE
event-exporter-v0.2.4-5f88c66fb7-8sr9h                           2/2     Running   0          55m
fluentd-gcp-scaler-59b7b75cd7-jhk45                              1/1     Running   0          55m
fluentd-gcp-v3.2.0-6llhq                                         2/2     Running   0          55m


  